{
  "language": {
    "code": "en-US",
    "detectedLanguage": {
      "code": "en-US",
      "name": "English (US)"
    },
    "name": "English (US)"
  },
  "matches": [
    {
      "context": {
        "length": 3,
        "offset": 0,
        "text": "Ths is a incorret sentnce."
      },
      "length": 3,
      "message": "Possible spelling mistake found.",
      "offset": 0,
      "replacements": [
        {
          "value": "Th's"
        },
        {
          "value": "Th"
        },
        {
          "value": "This"
        },
        {
          "value": "The"
        },
        {
          "value": "THS"
        },
        {
          "value": "Thus"
        },
        {
          "value": "NHS"
        },
        {
          "value": "Thy"
        },
        {
          "value": "TCS"
        },
        {
          "value": "TFS"
        },
        {
          "value": "THC"
        },
        {
          "value": "TLS"
        },
        {
          "value": "TVs"
        },
        {
          "value": "AHS"
        },
        {
          "value": "HHS"
        },
        {
          "value": "IHS"
        },
        {
          "value": "TSS"
        },
        {
          "value": "Ohs"
        },
        {
          "value": "BHS"
        },
        {
          "value": "CHS"
        },
        {
          "value": "DHS"
        },
        {
          "value": "EHS"
        },
        {
          "value": "FHS"
        },
        {
          "value": "GHS"
        },
        {
          "value": "HS"
        },
        {
          "value": "Hs"
        },
        {
          "value": "JHS"
        },
        {
          "value": "KHS"
        },
        {
          "value": "LHS"
        },
        {
          "value": "PHS"
        },
        {
          "value": "RHS"
        },
        {
          "value": "SHS"
        },
        {
          "value": "T&S"
        },
        {
          "value": "TAS"
        },
        {
          "value": "TBS"
        },
        {
          "value": "TCHS"
        },
        {
          "value": "TDS"
        },
        {
          "value": "TES"
        },
        {
          "value": "TGS"
        },
        {
          "value": "TH"
        },
        {
          "value": "THA"
        },
        {
          "value": "THB"
        },
        {
          "value": "THD"
        },
        {
          "value": "THF"
        },
        {
          "value": "THI"
        },
        {
          "value": "THM"
        },
        {
          "value": "THP"
        },
        {
          "value": "THT"
        },
        {
          "value": "THX"
        },
        {
          "value": "TIS"
        },
        {
          "value": "TJS"
        },
        {
          "value": "TKS"
        },
        {
          "value": "TMS"
        },
        {
          "value": "TNS"
        },
        {
          "value": "TOS"
        },
        {
          "value": "TPS"
        },
        {
          "value": "TQS"
        },
        {
          "value": "TRS"
        },
        {
          "value": "TS"
        },
        {
          "value": "TTS"
        },
        {
          "value": "TTs"
        },
        {
          "value": "TVS"
        },
        {
          "value": "TWS"
        },
        {
          "value": "TZS"
        },
        {
          "value": "ToS"
        },
        {
          "value": "VHS"
        },
        {
          "value": "WHS"
        },
        {
          "value": "YHS"
        },
        {
          "value": "pHs"
        },
        {
          "value": "Tis"
        },
        {
          "value": "To"
        },
        {
          "value": "Is"
        },
        {
          "value": "Was"
        },
        {
          "value": "As"
        },
        {
          "value": "His"
        },
        {
          "value": "That"
        },
        {
          "value": "Has"
        },
        {
          "value": "He"
        },
        {
          "value": "Who"
        },
        {
          "value": "She"
        },
        {
          "value": "Then"
        },
        {
          "value": "They"
        },
        {
          "value": "Two"
        },
        {
          "value": "Its"
        },
        {
          "value": "Than"
        },
        {
          "value": "Them"
        },
        {
          "value": "These"
        },
        {
          "value": "Those"
        },
        {
          "value": "Too"
        },
        {
          "value": "Us"
        },
        {
          "value": "Yes"
        },
        {
          "value": "Thou"
        },
        {
          "value": "Top"
        },
        {
          "value": "Gas"
        },
        {
          "value": "Ten"
        },
        {
          "value": "Thee"
        },
        {
          "value": "Los"
        },
        {
          "value": "Bus"
        },
        {
          "value": "Task"
        },
        {
          "value": "Tax"
        },
        {
          "value": "Test"
        },
        {
          "value": "Try"
        },
        {
          "value": "Why"
        },
        {
          "value": "Tom"
        },
        {
          "value": "Tag"
        },
        {
          "value": "Tea"
        },
        {
          "value": "Thin"
        },
        {
          "value": "Tie"
        },
        {
          "value": "Ties"
        },
        {
          "value": "Tip"
        },
        {
          "value": "Ton"
        },
        {
          "value": "Tons"
        },
        {
          "value": "Vs"
        },
        {
          "value": "CDs"
        },
        {
          "value": "HD"
        },
        {
          "value": "Mrs"
        },
        {
          "value": "PhD"
        },
        {
          "value": "Ads"
        },
        {
          "value": "Ash"
        },
        {
          "value": "kHz"
        },
        {
          "value": "Paths"
        },
        {
          "value": "Tens"
        },
        {
          "value": "Tin"
        },
        {
          "value": "Toy"
        },
        {
          "value": "Toys"
        },
        {
          "value": "Ups"
        },
        {
          "value": "CSS"
        },
        {
          "value": "GPS"
        },
        {
          "value": "HP"
        },
        {
          "value": "HQ"
        },
        {
          "value": "PCs"
        },
        {
          "value": "SAS"
        },
        {
          "value": "TNA"
        },
        {
          "value": "TNT"
        },
        {
          "value": "TT"
        },
        {
          "value": "Ted"
        },
        {
          "value": "Thai"
        },
        {
          "value": "UHF"
        },
        {
          "value": "WHO"
        },
        {
          "value": "Baths"
        },
        {
          "value": "Las"
        },
        {
          "value": "Lbs"
        },
        {
          "value": "Myths"
        },
        {
          "value": "Oh"
        },
        {
          "value": "pH"
        },
        {
          "value": "Shy"
        },
        {
          "value": "Tags"
        },
        {
          "value": "Tan"
        },
        {
          "value": "Tap"
        },
        {
          "value": "Tips"
        },
        {
          "value": "Toe"
        },
        {
          "value": "Toes"
        },
        {
          "value": "Tops"
        },
        {
          "value": "Toss"
        },
        {
          "value": "Tow"
        },
        {
          "value": "ACS"
        },
        {
          "value": "BBS"
        },
        {
          "value": "CNS"
        },
        {
          "value": "DNS"
        },
        {
          "value": "EPs"
        },
        {
          "value": "FRS"
        },
        {
          "value": "GHz"
        },
        {
          "value": "Gus"
        },
        {
          "value": "HF"
        },
        {
          "value": "HK"
        },
        {
          "value": "Hi"
        },
        {
          "value": "INS"
        },
        {
          "value": "IRS"
        },
        {
          "value": "LPs"
        },
        {
          "value": "OHL"
        },
        {
          "value": "Otis"
        },
        {
          "value": "RMS"
        },
        {
          "value": "RSS"
        },
        {
          "value": "RTS"
        },
        {
          "value": "Rhys"
        },
        {
          "value": "SBS"
        },
        {
          "value": "SDS"
        },
        {
          "value": "SMS"
        },
        {
          "value": "SOS"
        },
        {
          "value": "TCP"
        },
        {
          "value": "TLC"
        },
        {
          "value": "TTC"
        },
        {
          "value": "TV"
        },
        {
          "value": "Thor"
        },
        {
          "value": "Eds"
        },
        {
          "value": "Moths"
        },
        {
          "value": "Oaths"
        },
        {
          "value": "Pas"
        },
        {
          "value": "Ta"
        },
        {
          "value": "Tab"
        },
        {
          "value": "Tar"
        },
        {
          "value": "Thugs"
        },
        {
          "value": "Tub"
        },
        {
          "value": "Tug"
        },
        {
          "value": "APS"
        },
        {
          "value": "CCS"
        },
        {
          "value": "CFS"
        },
        {
          "value": "CTS"
        },
        {
          "value": "CVS"
        },
        {
          "value": "Che"
        },
        {
          "value": "DMS"
        },
        {
          "value": "DSS"
        },
        {
          "value": "DTS"
        },
        {
          "value": "ETH"
        },
        {
          "value": "FBS"
        },
        {
          "value": "FCS"
        },
        {
          "value": "GH"
        },
        {
          "value": "Goths"
        },
        {
          "value": "IAS"
        },
        {
          "value": "ICS"
        },
        {
          "value": "IDs"
        },
        {
          "value": "ILS"
        },
        {
          "value": "IPS"
        },
        {
          "value": "KBS"
        },
        {
          "value": "MCs"
        },
        {
          "value": "MHC"
        },
        {
          "value": "MTS"
        },
        {
          "value": "NPS"
        },
        {
          "value": "OAS"
        },
        {
          "value": "OCS"
        },
        {
          "value": "PDS"
        },
        {
          "value": "PRS"
        },
        {
          "value": "RCS"
        },
        {
          "value": "RDS"
        },
        {
          "value": "TAC"
        },
        {
          "value": "TCU"
        },
        {
          "value": "TDI"
        },
        {
          "value": "TRW"
        },
        {
          "value": "TSA"
        },
        {
          "value": "TTL"
        },
        {
          "value": "TWA"
        },
        {
          "value": "Tam"
        },
        {
          "value": "Tao"
        },
        {
          "value": "TeX"
        },
        {
          "value": "Tess"
        },
        {
          "value": "Theo"
        },
        {
          "value": "Thom"
        },
        {
          "value": "UPS"
        },
        {
          "value": "VH"
        },
        {
          "value": "VMS"
        },
        {
          "value": "WS"
        },
        {
          "value": "Ah"
        },
        {
          "value": "Bhp"
        },
        {
          "value": "Cha"
        },
        {
          "value": "Ms"
        },
        {
          "value": "Ops"
        },
        {
          "value": "Sh"
        },
        {
          "value": "Tabs"
        },
        {
          "value": "Taps"
        },
        {
          "value": "Tau"
        },
        {
          "value": "Teas"
        },
        {
          "value": "Tee"
        },
        {
          "value": "Thaw"
        },
        {
          "value": "Thru"
        },
        {
          "value": "Thug"
        },
        {
          "value": "Til"
        },
        {
          "value": "Tugs"
        },
        {
          "value": "AGS"
        },
        {
          "value": "ATVs"
        },
        {
          "value": "Athos"
        },
        {
          "value": "BDS"
        },
        {
          "value": "BH"
        },
        {
          "value": "BMS"
        },
        {
          "value": "CGS"
        },
        {
          "value": "CLS"
        },
        {
          "value": "CWS"
        },
        {
          "value": "DDS"
        },
        {
          "value": "ESS"
        },
        {
          "value": "FHA"
        },
        {
          "value": "GHG"
        },
        {
          "value": "GLS"
        },
        {
          "value": "HFS"
        },
        {
          "value": "HSE"
        },
        {
          "value": "HSL"
        },
        {
          "value": "HSP"
        },
        {
          "value": "HSS"
        },
        {
          "value": "HV"
        },
        {
          "value": "IBS"
        },
        {
          "value": "IH"
        },
        {
          "value": "IVs"
        },
        {
          "value": "JCS"
        },
        {
          "value": "LCS"
        },
        {
          "value": "LHC"
        },
        {
          "value": "LHD"
        },
        {
          "value": "MBS"
        },
        {
          "value": "MDS"
        },
        {
          "value": "MHD"
        },
        {
          "value": "MMS"
        },
        {
          "value": "NBS"
        },
        {
          "value": "NFS"
        },
        {
          "value": "NLS"
        },
        {
          "value": "NTFS"
        },
        {
          "value": "PMS"
        },
        {
          "value": "PNS"
        },
        {
          "value": "PSS"
        },
        {
          "value": "PTH"
        },
        {
          "value": "PhDs"
        },
        {
          "value": "SCS"
        },
        {
          "value": "SLS"
        },
        {
          "value": "SRS"
        },
        {
          "value": "TBI"
        },
        {
          "value": "TCA"
        },
        {
          "value": "TCM"
        },
        {
          "value": "TCR"
        },
        {
          "value": "TLD"
        },
        {
          "value": "TMZ"
        },
        {
          "value": "TNG"
        },
        {
          "value": "TOC"
        },
        {
          "value": "TPA"
        },
        {
          "value": "TPC"
        },
        {
          "value": "TPM"
        },
        {
          "value": "TRC"
        },
        {
          "value": "TUC"
        },
        {
          "value": "Tia"
        },
        {
          "value": "Tod"
        },
        {
          "value": "Eh"
        },
        {
          "value": "Ohm"
        },
        {
          "value": "Ohms"
        },
        {
          "value": "Phi"
        },
        {
          "value": "Pts"
        },
        {
          "value": "Pus"
        },
        {
          "value": "Tai"
        },
        {
          "value": "Tat"
        },
        {
          "value": "Tees"
        },
        {
          "value": "Tics"
        },
        {
          "value": "Toms"
        },
        {
          "value": "Tors"
        },
        {
          "value": "Tot"
        },
        {
          "value": "Tows"
        },
        {
          "value": "Tubs"
        },
        {
          "value": "Tusk"
        },
        {
          "value": "Twos"
        },
        {
          "value": "Uh"
        },
        {
          "value": "BRS"
        },
        {
          "value": "CTH"
        },
        {
          "value": "DLS"
        },
        {
          "value": "EHF"
        },
        {
          "value": "ERS"
        },
        {
          "value": "GDS"
        },
        {
          "value": "GMs"
        },
        {
          "value": "GRS"
        },
        {
          "value": "HSA"
        },
        {
          "value": "HSH"
        },
        {
          "value": "Hus"
        },
        {
          "value": "IQs"
        },
        {
          "value": "JMS"
        },
        {
          "value": "KSS"
        },
        {
          "value": "LFS"
        },
        {
          "value": "LRS"
        },
        {
          "value": "LTS"
        },
        {
          "value": "MNS"
        },
        {
          "value": "PVS"
        },
        {
          "value": "RVs"
        },
        {
          "value": "STDs"
        },
        {
          "value": "TBA"
        },
        {
          "value": "TBC"
        },
        {
          "value": "TCAS"
        },
        {
          "value": "TDD"
        },
        {
          "value": "TLDs"
        },
        {
          "value": "TLR"
        },
        {
          "value": "TTA"
        },
        {
          "value": "Thad"
        },
        {
          "value": "Thais"
        },
        {
          "value": "Thea"
        },
        {
          "value": "VCS"
        },
        {
          "value": "Abs"
        },
        {
          "value": "Fps"
        },
        {
          "value": "Nth"
        },
        {
          "value": "Techs"
        },
        {
          "value": "Tel"
        },
        {
          "value": "Thaws"
        },
        {
          "value": "Tum"
        },
        {
          "value": "DPs"
        },
        {
          "value": "DVS"
        },
        {
          "value": "GHA"
        },
        {
          "value": "HDS"
        },
        {
          "value": "LGS"
        },
        {
          "value": "OHG"
        },
        {
          "value": "SHF"
        },
        {
          "value": "TCO"
        },
        {
          "value": "TEF"
        },
        {
          "value": "TPL"
        },
        {
          "value": "TPN"
        },
        {
          "value": "TTF"
        },
        {
          "value": "Tut"
        },
        {
          "value": "Aha"
        },
        {
          "value": "Bps"
        },
        {
          "value": "Ifs"
        },
        {
          "value": "Laths"
        },
        {
          "value": "Sis"
        },
        {
          "value": "Ssh"
        },
        {
          "value": "Tad"
        },
        {
          "value": "Tans"
        },
        {
          "value": "Tars"
        },
        {
          "value": "Thins"
        },
        {
          "value": "Tots"
        },
        {
          "value": "AHQ"
        },
        {
          "value": "BKS"
        },
        {
          "value": "PMs"
        },
        {
          "value": "TAWS"
        },
        {
          "value": "TBD"
        },
        {
          "value": "TESL"
        },
        {
          "value": "TWX"
        },
        {
          "value": "Fas"
        },
        {
          "value": "Nus"
        },
        {
          "value": "Obs"
        },
        {
          "value": "Phys"
        },
        {
          "value": "Sos"
        },
        {
          "value": "Tams"
        },
        {
          "value": "Taw"
        },
        {
          "value": "Tuns"
        },
        {
          "value": "Tux"
        },
        {
          "value": "MHO"
        },
        {
          "value": "ODs"
        },
        {
          "value": "Thurs"
        },
        {
          "value": "Tues"
        },
        {
          "value": "Ems"
        },
        {
          "value": "Oohs"
        },
        {
          "value": "Tats"
        },
        {
          "value": "Taus"
        },
        {
          "value": "Tbsp"
        },
        {
          "value": "Thuds"
        },
        {
          "value": "Togs"
        },
        {
          "value": "Tosh"
        },
        {
          "value": "Tush"
        },
        {
          "value": "Whys"
        },
        {
          "value": "CBS"
        },
        {
          "value": "CHG"
        },
        {
          "value": "DJs"
        },
        {
          "value": "HMS"
        },
        {
          "value": "LDS"
        },
        {
          "value": "MHz"
        },
        {
          "value": "MPs"
        },
        {
          "value": "NHL"
        },
        {
          "value": "OKs"
        },
        {
          "value": "PS"
        },
        {
          "value": "TD"
        },
        {
          "value": "Tim"
        },
        {
          "value": "Tums"
        },
        {
          "value": "USS"
        },
        {
          "value": "Chm"
        },
        {
          "value": "Thous"
        },
        {
          "value": "Tuts"
        },
        {
          "value": "Hts"
        },
        {
          "value": "Bahs"
        },
        {
          "value": "Etas"
        },
        {
          "value": "Ftps"
        },
        {
          "value": "Piths"
        },
        {
          "value": "'S"
        },
        {
          "value": "0th"
        },
        {
          "value": "3Ds"
        },
        {
          "value": "4th"
        },
        {
          "value": "5th"
        },
        {
          "value": "6th"
        },
        {
          "value": "7th"
        },
        {
          "value": "8th"
        },
        {
          "value": "9th"
        },
        {
          "value": "AAS"
        },
        {
          "value": "AAs"
        },
        {
          "value": "ABS"
        },
        {
          "value": "ADS"
        },
        {
          "value": "AES"
        },
        {
          "value": "AFS"
        },
        {
          "value": "AGs"
        },
        {
          "value": "AH"
        },
        {
          "value": "AHA"
        },
        {
          "value": "AHB"
        },
        {
          "value": "AHC"
        },
        {
          "value": "AHD"
        },
        {
          "value": "AHE"
        },
        {
          "value": "AHF"
        },
        {
          "value": "AHG"
        },
        {
          "value": "AHH"
        },
        {
          "value": "AHI"
        },
        {
          "value": "AHJ"
        },
        {
          "value": "AHK"
        },
        {
          "value": "AHL"
        },
        {
          "value": "AHM"
        },
        {
          "value": "AHN"
        },
        {
          "value": "AHO"
        },
        {
          "value": "AHR"
        },
        {
          "value": "AHSA"
        },
        {
          "value": "AHSI"
        },
        {
          "value": "AHT"
        },
        {
          "value": "AHU"
        },
        {
          "value": "AHV"
        },
        {
          "value": "AHW"
        },
        {
          "value": "AHX"
        },
        {
          "value": "AHY"
        },
        {
          "value": "AHZ"
        },
        {
          "value": "AIS"
        },
        {
          "value": "AIs"
        },
        {
          "value": "AJS"
        },
        {
          "value": "AKS"
        },
        {
          "value": "ALS"
        },
        {
          "value": "AMS"
        },
        {
          "value": "ANS"
        },
        {
          "value": "AOS"
        },
        {
          "value": "APs"
        },
        {
          "value": "AQS"
        },
        {
          "value": "AS"
        },
        {
          "value": "ASS"
        },
        {
          "value": "ATH"
        },
        {
          "value": "ATMs"
        },
        {
          "value": "ATS"
        },
        {
          "value": "AUS"
        },
        {
          "value": "AVS"
        },
        {
          "value": "AVs"
        },
        {
          "value": "AWS"
        },
        {
          "value": "AXS"
        },
        {
          "value": "AYS"
        },
        {
          "value": "AZS"
        },
        {
          "value": "Ahl"
        },
        {
          "value": "Atos"
        },
        {
          "value": "Aus"
        },
        {
          "value": "BAS"
        },
        {
          "value": "BCS"
        },
        {
          "value": "BES"
        },
        {
          "value": "BFS"
        },
        {
          "value": "BFs"
        },
        {
          "value": "BGS"
        },
        {
          "value": "BHA"
        },
        {
          "value": "BHB"
        },
        {
          "value": "BHC"
        },
        {
          "value": "BHD"
        },
        {
          "value": "BHE"
        },
        {
          "value": "BHF"
        },
        {
          "value": "BHG"
        },
        {
          "value": "BHI"
        },
        {
          "value": "BHL"
        },
        {
          "value": "BHM"
        },
        {
          "value": "BHO"
        },
        {
          "value": "BHP"
        },
        {
          "value": "BHQ"
        },
        {
          "value": "BHR"
        },
        {
          "value": "BHT"
        },
        {
          "value": "BHU"
        },
        {
          "value": "BHV"
        },
        {
          "value": "BHX"
        },
        {
          "value": "BHY"
        },
        {
          "value": "BIS"
        },
        {
          "value": "BJS"
        },
        {
          "value": "BJs"
        },
        {
          "value": "BLS"
        },
        {
          "value": "BNS"
        },
        {
          "value": "BOS"
        },
        {
          "value": "BPS"
        },
        {
          "value": "BS"
        },
        {
          "value": "BSS"
        },
        {
          "value": "BTH"
        },
        {
          "value": "BTS"
        },
        {
          "value": "BVS"
        },
        {
          "value": "BWS"
        },
        {
          "value": "BXS"
        },
        {
          "value": "BYS"
        },
        {
          "value": "BZS"
        },
        {
          "value": "Bes"
        },
        {
          "value": "Bs"
        },
        {
          "value": "CAS"
        },
        {
          "value": "CCs"
        },
        {
          "value": "CDS"
        },
        {
          "value": "CES"
        },
        {
          "value": "CHB"
        },
        {
          "value": "CHC"
        },
        {
          "value": "CHD"
        },
        {
          "value": "CHF"
        },
        {
          "value": "CHH"
        },
        {
          "value": "CHI"
        },
        {
          "value": "CHK"
        },
        {
          "value": "CHL"
        },
        {
          "value": "CHM"
        },
        {
          "value": "CHN"
        },
        {
          "value": "CHO"
        },
        {
          "value": "CHP"
        },
        {
          "value": "CHQ"
        },
        {
          "value": "CHR"
        },
        {
          "value": "CHRS"
        },
        {
          "value": "CHT"
        },
        {
          "value": "CHV"
        },
        {
          "value": "CHW"
        },
        {
          "value": "CHX"
        },
        {
          "value": "CHY"
        },
        {
          "value": "CHZ"
        },
        {
          "value": "CIS"
        },
        {
          "value": "CJS"
        },
        {
          "value": "CKS"
        },
        {
          "value": "CKs"
        },
        {
          "value": "CMS"
        },
        {
          "value": "CPS"
        },
        {
          "value": "CQS"
        },
        {
          "value": "CRS"
        },
        {
          "value": "CS"
        },
        {
          "value": "CTAs"
        },
        {
          "value": "CTOs"
        },
        {
          "value": "CTs"
        },
        {
          "value": "CVs"
        },
        {
          "value": "CZS"
        },
        {
          "value": "ChB"
        },
        {
          "value": "Chi"
        },
        {
          "value": "Chr"
        },
        {
          "value": "Chu"
        },
        {
          "value": "Cos"
        },
        {
          "value": "Cs"
        },
        {
          "value": "DBS"
        },
        {
          "value": "DCS"
        },
        {
          "value": "DES"
        },
        {
          "value": "DFS"
        },
        {
          "value": "DGS"
        },
        {
          "value": "DH"
        },
        {
          "value": "DHA"
        },
        {
          "value": "DHB"
        },
        {
          "value": "DHC"
        },
        {
          "value": "DHH"
        },
        {
          "value": "DHHS"
        },
        {
          "value": "DHI"
        },
        {
          "value": "DHL"
        },
        {
          "value": "DHM"
        },
        {
          "value": "DHP"
        },
        {
          "value": "DHR"
        },
        {
          "value": "DHSS"
        },
        {
          "value": "DHT"
        },
        {
          "value": "DJS"
        },
        {
          "value": "DMs"
        },
        {
          "value": "DOS"
        },
        {
          "value": "DPS"
        },
        {
          "value": "DRS"
        },
        {
          "value": "DS"
        },
        {
          "value": "DUS"
        },
        {
          "value": "Des"
        },
        {
          "value": "Dhu"
        },
        {
          "value": "Dis"
        },
        {
          "value": "Ds"
        },
        {
          "value": "EAS"
        },
        {
          "value": "EBS"
        },
        {
          "value": "ECS"
        },
        {
          "value": "EDS"
        },
        {
          "value": "EFS"
        },
        {
          "value": "EGS"
        },
        {
          "value": "EHL"
        },
        {
          "value": "EHOS"
        },
        {
          "value": "EHR"
        },
        {
          "value": "EIS"
        },
        {
          "value": "ELS"
        },
        {
          "value": "ENS"
        },
        {
          "value": "EOS"
        },
        {
          "value": "EPS"
        },
        {
          "value": "EQS"
        },
        {
          "value": "EQs"
        },
        {
          "value": "ES"
        },
        {
          "value": "ETAS"
        },
        {
          "value": "ETAs"
        },
        {
          "value": "ETFs"
        },
        {
          "value": "ETPs"
        },
        {
          "value": "ETS"
        },
        {
          "value": "EUS"
        },
        {
          "value": "EVS"
        },
        {
          "value": "EVs"
        },
        {
          "value": "EWS"
        },
        {
          "value": "EXS"
        },
        {
          "value": "EZS"
        },
        {
          "value": "Eos"
        },
        {
          "value": "Es"
        },
        {
          "value": "FAS"
        },
        {
          "value": "FCs"
        },
        {
          "value": "FDS"
        },
        {
          "value": "FES"
        },
        {
          "value": "FFS"
        },
        {
          "value": "FH"
        },
        {
          "value": "FHC"
        },
        {
          "value": "FHD"
        },
        {
          "value": "FHE"
        },
        {
          "value": "FHM"
        },
        {
          "value": "FIS"
        },
        {
          "value": "FLS"
        },
        {
          "value": "FMS"
        },
        {
          "value": "FMs"
        },
        {
          "value": "FNS"
        },
        {
          "value": "FOS"
        },
        {
          "value": "FPS"
        },
        {
          "value": "FPs"
        },
        {
          "value": "FS"
        },
        {
          "value": "FSS"
        },
        {
          "value": "FTEs"
        },
        {
          "value": "FTPS"
        },
        {
          "value": "GAS"
        },
        {
          "value": "GBS"
        },
        {
          "value": "GCS"
        },
        {
          "value": "GCs"
        },
        {
          "value": "GES"
        },
        {
          "value": "GFS"
        },
        {
          "value": "GGS"
        },
        {
          "value": "GHB"
        },
        {
          "value": "GHC"
        },
        {
          "value": "GHI"
        },
        {
          "value": "GHK"
        },
        {
          "value": "GHM"
        },
        {
          "value": "GHQ"
        },
        {
          "value": "GHT"
        },
        {
          "value": "GIS"
        },
        {
          "value": "GIs"
        },
        {
          "value": "GMS"
        },
        {
          "value": "GNS"
        },
        {
          "value": "GS"
        },
        {
          "value": "GTS"
        },
        {
          "value": "Gs"
        },
        {
          "value": "H"
        },
        {
          "value": "H&S"
        },
        {
          "value": "H1"
        },
        {
          "value": "H2"
        },
        {
          "value": "H3"
        },
        {
          "value": "H4"
        },
        {
          "value": "HA"
        },
        {
          "value": "HBS"
        },
        {
          "value": "HC"
        },
        {
          "value": "HCS"
        },
        {
          "value": "HCs"
        },
        {
          "value": "HE"
        },
        {
          "value": "HES"
        },
        {
          "value": "HG"
        },
        {
          "value": "HH"
        },
        {
          "value": "HHA"
        },
        {
          "value": "HHH"
        },
        {
          "value": "HHSC"
        },
        {
          "value": "HHV"
        },
        {
          "value": "HI"
        },
        {
          "value": "HJ"
        },
        {
          "value": "HJS"
        },
        {
          "value": "HL"
        },
        {
          "value": "HLS"
        },
        {
          "value": "HM"
        },
        {
          "value": "HN"
        },
        {
          "value": "HNS"
        },
        {
          "value": "HO"
        },
        {
          "value": "HPS"
        },
        {
          "value": "HR"
        },
        {
          "value": "HSC"
        },
        {
          "value": "HSF"
        },
        {
          "value": "HSM"
        },
        {
          "value": "HST"
        },
        {
          "value": "HSV"
        },
        {
          "value": "HT"
        },
        {
          "value": "HTS"
        },
        {
          "value": "HU"
        },
        {
          "value": "HW"
        },
        {
          "value": "HWs"
        },
        {
          "value": "HY"
        },
        {
          "value": "Ha"
        },
        {
          "value": "Hb"
        },
        {
          "value": "Hf"
        },
        {
          "value": "Hg"
        },
        {
          "value": "Ho"
        },
        {
          "value": "Hos"
        },
        {
          "value": "Hsu"
        },
        {
          "value": "Hu"
        },
        {
          "value": "Hz"
        },
        {
          "value": "I&S"
        },
        {
          "value": "IDS"
        },
        {
          "value": "IES"
        },
        {
          "value": "IFS"
        },
        {
          "value": "IGS"
        },
        {
          "value": "IHD"
        },
        {
          "value": "IHP"
        },
        {
          "value": "IHSI"
        },
        {
          "value": "IHSS"
        },
        {
          "value": "IHT"
        },
        {
          "value": "IHU"
        },
        {
          "value": "IIS"
        },
        {
          "value": "IMS"
        },
        {
          "value": "IMs"
        },
        {
          "value": "IOS"
        },
        {
          "value": "IPs"
        },
        {
          "value": "IS"
        },
        {
          "value": "ISS"
        },
        {
          "value": "ITAs"
        },
        {
          "value": "ITES"
        },
        {
          "value": "ITIS"
        },
        {
          "value": "ITS"
        },
        {
          "value": "JBS"
        },
        {
          "value": "JHH"
        },
        {
          "value": "JHU"
        },
        {
          "value": "JLS"
        },
        {
          "value": "JS"
        },
        {
          "value": "JTFs"
        },
        {
          "value": "JWS"
        },
        {
          "value": "Jas"
        },
        {
          "value": "Jos"
        },
        {
          "value": "KDS"
        },
        {
          "value": "KES"
        },
        {
          "value": "KHM"
        },
        {
          "value": "KHR"
        },
        {
          "value": "KKS"
        },
        {
          "value": "KMS"
        },
        {
          "value": "KOS"
        },
        {
          "value": "KS"
        },
        {
          "value": "KTS"
        },
        {
          "value": "KWS"
        },
        {
          "value": "LES"
        },
        {
          "value": "LH"
        },
        {
          "value": "LH2"
        },
        {
          "value": "LHA"
        },
        {
          "value": "LHB"
        },
        {
          "value": "LHI"
        },
        {
          "value": "LHR"
        },
        {
          "value": "LHV"
        },
        {
          "value": "LHW"
        },
        {
          "value": "LMS"
        },
        {
          "value": "LPS"
        },
        {
          "value": "LS"
        },
        {
          "value": "LSS"
        },
        {
          "value": "LTVs"
        },
        {
          "value": "LVS"
        },
        {
          "value": "Les"
        },
        {
          "value": "MAS"
        },
        {
          "value": "MCS"
        },
        {
          "value": "MDs"
        },
        {
          "value": "MES"
        },
        {
          "value": "MFS"
        },
        {
          "value": "MGS"
        },
        {
          "value": "MH"
        },
        {
          "value": "MHA"
        },
        {
          "value": "MHE"
        },
        {
          "value": "MHL"
        },
        {
          "value": "MHN"
        },
        {
          "value": "MHP"
        },
        {
          "value": "MHR"
        },
        {
          "value": "MHSC"
        },
        {
          "value": "MHSI"
        },
        {
          "value": "MHW"
        },
        {
          "value": "MIS"
        },
        {
          "value": "MKS"
        },
        {
          "value": "MLS"
        },
        {
          "value": "MOS"
        },
        {
          "value": "MPS"
        },
        {
          "value": "MRS"
        },
        {
          "value": "MS"
        },
        {
          "value": "MSS"
        },
        {
          "value": "MUS"
        },
        {
          "value": "MWS"
        },
        {
          "value": "NAS"
        },
        {
          "value": "NCS"
        },
        {
          "value": "NDS"
        },
        {
          "value": "NFHS"
        },
        {
          "value": "NGS"
        },
        {
          "value": "NH"
        },
        {
          "value": "NHA"
        },
        {
          "value": "NHC"
        },
        {
          "value": "NHD"
        },
        {
          "value": "NHF"
        },
        {
          "value": "NHG"
        },
        {
          "value": "NHI"
        },
        {
          "value": "NHK"
        },
        {
          "value": "NHN"
        },
        {
          "value": "NOS"
        },
        {
          "value": "NRS"
        },
        {
          "value": "NS"
        },
        {
          "value": "NSS"
        },
        {
          "value": "NTPs"
        },
        {
          "value": "NTS"
        },
        {
          "value": "NUS"
        },
        {
          "value": "NYS"
        },
        {
          "value": "OBS"
        },
        {
          "value": "ODS"
        },
        {
          "value": "OFS"
        },
        {
          "value": "OGs"
        },
        {
          "value": "OH"
        },
        {
          "value": "OHA"
        },
        {
          "value": "OHI"
        },
        {
          "value": "OHM"
        },
        {
          "value": "OHMS"
        },
        {
          "value": "OHSA"
        },
        {
          "value": "OMS"
        },
        {
          "value": "ONS"
        },
        {
          "value": "OPS"
        },
        {
          "value": "ORS"
        },
        {
          "value": "OS"
        },
        {
          "value": "OSS"
        },
        {
          "value": "OVS"
        },
        {
          "value": "OWS"
        },
        {
          "value": "Os"
        },
        {
          "value": "PAS"
        },
        {
          "value": "PAs"
        },
        {
          "value": "PBS"
        },
        {
          "value": "PCS"
        },
        {
          "value": "PES"
        },
        {
          "value": "PFS"
        },
        {
          "value": "PGS"
        },
        {
          "value": "PH"
        },
        {
          "value": "PHA"
        },
        {
          "value": "PHC"
        },
        {
          "value": "PHD"
        },
        {
          "value": "PHE"
        },
        {
          "value": "PHI"
        },
        {
          "value": "PHL"
        },
        {
          "value": "PHP"
        },
        {
          "value": "PHR"
        },
        {
          "value": "PHX"
        },
        {
          "value": "PHY"
        },
        {
          "value": "PIS"
        },
        {
          "value": "PKS"
        },
        {
          "value": "PLS"
        },
        {
          "value": "POS"
        },
        {
          "value": "PPS"
        },
        {
          "value": "PRs"
        },
        {
          "value": "PUS"
        },
        {
          "value": "Ph"
        },
        {
          "value": "QBs"
        },
        {
          "value": "QHSE"
        },
        {
          "value": "RAS"
        },
        {
          "value": "RBS"
        },
        {
          "value": "RES"
        },
        {
          "value": "RFS"
        },
        {
          "value": "RGS"
        },
        {
          "value": "RHC"
        },
        {
          "value": "RHD"
        },
        {
          "value": "RHF"
        },
        {
          "value": "RHK"
        },
        {
          "value": "RHP"
        },
        {
          "value": "RIS"
        },
        {
          "value": "RLS"
        },
        {
          "value": "RNS"
        },
        {
          "value": "ROS"
        },
        {
          "value": "RPS"
        },
        {
          "value": "RRS"
        },
        {
          "value": "RS"
        },
        {
          "value": "RTGS"
        },
        {
          "value": "RTs"
        },
        {
          "value": "Rh"
        },
        {
          "value": "Rhu"
        },
        {
          "value": "Rs"
        },
        {
          "value": "Rus"
        },
        {
          "value": "S"
        },
        {
          "value": "SES"
        },
        {
          "value": "SFS"
        },
        {
          "value": "SGHS"
        },
        {
          "value": "SGS"
        },
        {
          "value": "SH"
        },
        {
          "value": "SHA"
        },
        {
          "value": "SHD"
        },
        {
          "value": "SHG"
        },
        {
          "value": "SHK"
        },
        {
          "value": "SHM"
        },
        {
          "value": "SHN"
        },
        {
          "value": "SHP"
        },
        {
          "value": "SHR"
        },
        {
          "value": "SHT"
        },
        {
          "value": "SHU"
        },
        {
          "value": "SIS"
        },
        {
          "value": "SNS"
        },
        {
          "value": "SPS"
        },
        {
          "value": "SQS"
        },
        {
          "value": "SS"
        },
        {
          "value": "SSS"
        },
        {
          "value": "STIs"
        },
        {
          "value": "STS"
        },
        {
          "value": "SUS"
        },
        {
          "value": "Shi"
        },
        {
          "value": "T"
        },
        {
          "value": "T&C"
        },
        {
          "value": "T&Cs"
        },
        {
          "value": "T10"
        },
        {
          "value": "T11"
        },
        {
          "value": "T12"
        },
        {
          "value": "T13"
        },
        {
          "value": "T14"
        },
        {
          "value": "T15"
        },
        {
          "value": "T16"
        },
        {
          "value": "T17"
        },
        {
          "value": "T18"
        },
        {
          "value": "T19"
        },
        {
          "value": "T20"
        },
        {
          "value": "T21"
        },
        {
          "value": "T28"
        },
        {
          "value": "T30"
        },
        {
          "value": "T37"
        },
        {
          "value": "T38"
        },
        {
          "value": "T40"
        },
        {
          "value": "T50"
        },
        {
          "value": "T99"
        },
        {
          "value": "TA"
        },
        {
          "value": "TAA"
        },
        {
          "value": "TAD"
        },
        {
          "value": "TAE"
        },
        {
          "value": "TAF"
        },
        {
          "value": "TAG"
        },
        {
          "value": "TAH"
        },
        {
          "value": "TAI"
        },
        {
          "value": "TAJ"
        },
        {
          "value": "TAM"
        },
        {
          "value": "TAN"
        },
        {
          "value": "TAO"
        },
        {
          "value": "TAP"
        },
        {
          "value": "TASS"
        },
        {
          "value": "TAT"
        },
        {
          "value": "TB"
        },
        {
          "value": "TBF"
        },
        {
          "value": "TBH"
        },
        {
          "value": "TBJ"
        },
        {
          "value": "TBK"
        },
        {
          "value": "TBL"
        },
        {
          "value": "TBM"
        },
        {
          "value": "TBO"
        },
        {
          "value": "TBP"
        },
        {
          "value": "TBT"
        },
        {
          "value": "TBW"
        },
        {
          "value": "TC"
        },
        {
          "value": "TCC"
        },
        {
          "value": "TCD"
        },
        {
          "value": "TCF"
        },
        {
          "value": "TCG"
        },
        {
          "value": "TCH"
        },
        {
          "value": "TCI"
        },
        {
          "value": "TCK"
        },
        {
          "value": "TCL"
        },
        {
          "value": "TCN"
        },
        {
          "value": "TCV"
        },
        {
          "value": "TCW"
        },
        {
          "value": "TDA"
        },
        {
          "value": "TDC"
        },
        {
          "value": "TDE"
        },
        {
          "value": "TDF"
        },
        {
          "value": "TDG"
        },
        {
          "value": "TDM"
        },
        {
          "value": "TDP"
        },
        {
          "value": "TDPS"
        },
        {
          "value": "TDR"
        },
        {
          "value": "TDSB"
        },
        {
          "value": "TDT"
        },
        {
          "value": "TEB"
        },
        {
          "value": "TEC"
        },
        {
          "value": "TECS"
        },
        {
          "value": "TED"
        },
        {
          "value": "TEE"
        },
        {
          "value": "TEI"
        },
        {
          "value": "TEL"
        },
        {
          "value": "TEM"
        },
        {
          "value": "TEP"
        },
        {
          "value": "TEQ"
        },
        {
          "value": "TER"
        },
        {
          "value": "TESS"
        },
        {
          "value": "TEU"
        },
        {
          "value": "TEUs"
        },
        {
          "value": "TEV"
        },
        {
          "value": "TF"
        },
        {
          "value": "TFA"
        },
        {
          "value": "TFB"
        },
        {
          "value": "TFC"
        },
        {
          "value": "TFE"
        },
        {
          "value": "TFF"
        },
        {
          "value": "TFK"
        },
        {
          "value": "TFL"
        },
        {
          "value": "TFR"
        },
        {
          "value": "TFT"
        },
        {
          "value": "TG"
        },
        {
          "value": "TGA"
        },
        {
          "value": "TGB"
        },
        {
          "value": "TGD"
        },
        {
          "value": "TGE"
        },
        {
          "value": "TGF"
        },
        {
          "value": "TGI"
        },
        {
          "value": "TGL"
        },
        {
          "value": "TGN"
        },
        {
          "value": "TGP"
        },
        {
          "value": "TGU"
        },
        {
          "value": "TGV"
        },
        {
          "value": "TGW"
        },
        {
          "value": "TGX"
        },
        {
          "value": "TGZ"
        },
        {
          "value": "THCA"
        },
        {
          "value": "THCV"
        },
        {
          "value": "TI"
        },
        {
          "value": "TIC"
        },
        {
          "value": "TID"
        },
        {
          "value": "TIF"
        },
        {
          "value": "TIG"
        },
        {
          "value": "TIP"
        },
        {
          "value": "TIV"
        },
        {
          "value": "TJ"
        },
        {
          "value": "TJC"
        },
        {
          "value": "TJJ"
        },
        {
          "value": "TJK"
        },
        {
          "value": "TK"
        },
        {
          "value": "TKD"
        },
        {
          "value": "TKK"
        },
        {
          "value": "TKL"
        },
        {
          "value": "TKM"
        },
        {
          "value": "TKO"
        },
        {
          "value": "TKP"
        },
        {
          "value": "TKT"
        },
        {
          "value": "TL"
        },
        {
          "value": "TLA"
        },
        {
          "value": "TLB"
        },
        {
          "value": "TLE"
        },
        {
          "value": "TLF"
        },
        {
          "value": "TLH"
        },
        {
          "value": "TLM"
        },
        {
          "value": "TLN"
        },
        {
          "value": "TLP"
        },
        {
          "value": "TLT"
        },
        {
          "value": "TLV"
        },
        {
          "value": "TM"
        },
        {
          "value": "TMA"
        },
        {
          "value": "TMB"
        },
        {
          "value": "TMC"
        },
        {
          "value": "TMD"
        },
        {
          "value": "TME"
        },
        {
          "value": "TMG"
        },
        {
          "value": "TMI"
        },
        {
          "value": "TMJ"
        },
        {
          "value": "TMN"
        },
        {
          "value": "TMP"
        },
        {
          "value": "TMT"
        },
        {
          "value": "TMV"
        },
        {
          "value": "TMX"
        },
        {
          "value": "TN"
        },
        {
          "value": "TNB"
        },
        {
          "value": "TNC"
        },
        {
          "value": "TND"
        },
        {
          "value": "TNE"
        },
        {
          "value": "TNF"
        },
        {
          "value": "TNK"
        },
        {
          "value": "TNL"
        },
        {
          "value": "TNM"
        },
        {
          "value": "TNN"
        },
        {
          "value": "TNO"
        },
        {
          "value": "TNP"
        },
        {
          "value": "TNR"
        },
        {
          "value": "TNW"
        },
        {
          "value": "TO"
        },
        {
          "value": "TOB"
        },
        {
          "value": "TOE"
        },
        {
          "value": "TOF"
        },
        {
          "value": "TOG"
        },
        {
          "value": "TOI"
        },
        {
          "value": "TOK"
        },
        {
          "value": "TOM"
        },
        {
          "value": "TOP"
        },
        {
          "value": "TOR"
        },
        {
          "value": "TOT"
        },
        {
          "value": "TP"
        },
        {
          "value": "TPAs"
        },
        {
          "value": "TPDS"
        },
        {
          "value": "TPE"
        },
        {
          "value": "TPF"
        },
        {
          "value": "TPG"
        },
        {
          "value": "TPI"
        },
        {
          "value": "TPJ"
        },
        {
          "value": "TPO"
        },
        {
          "value": "TPP"
        },
        {
          "value": "TPR"
        },
        {
          "value": "TPT"
        },
        {
          "value": "TPV"
        },
        {
          "value": "TPX"
        },
        {
          "value": "TQ"
        },
        {
          "value": "TQC"
        },
        {
          "value": "TQM"
        },
        {
          "value": "TR"
        },
        {
          "value": "TRE"
        },
        {
          "value": "TRI"
        },
        {
          "value": "TRL"
        },
        {
          "value": "TRM"
        },
        {
          "value": "TRP"
        },
        {
          "value": "TRT"
        },
        {
          "value": "TRX"
        },
        {
          "value": "TRY"
        },
        {
          "value": "TSB"
        },
        {
          "value": "TSC"
        },
        {
          "value": "TSD"
        },
        {
          "value": "TSE"
        },
        {
          "value": "TSF"
        },
        {
          "value": "TSG"
        },
        {
          "value": "TSH"
        },
        {
          "value": "TSI"
        },
        {
          "value": "TSK"
        },
        {
          "value": "TSL"
        },
        {
          "value": "TSM"
        },
        {
          "value": "TSN"
        },
        {
          "value": "TSO"
        },
        {
          "value": "TSP"
        },
        {
          "value": "TSR"
        },
        {
          "value": "TSV"
        },
        {
          "value": "TSX"
        },
        {
          "value": "TSYS"
        },
        {
          "value": "TTD"
        },
        {
          "value": "TTG"
        },
        {
          "value": "TTI"
        },
        {
          "value": "TTO"
        },
        {
          "value": "TTP"
        },
        {
          "value": "TTR"
        },
        {
          "value": "TTT"
        },
        {
          "value": "TTU"
        },
        {
          "value": "TTX"
        },
        {
          "value": "TTY"
        },
        {
          "value": "TU"
        },
        {
          "value": "TUA"
        },
        {
          "value": "TUB"
        },
        {
          "value": "TUG"
        },
        {
          "value": "TUI"
        },
        {
          "value": "TUN"
        },
        {
          "value": "TUP"
        },
        {
          "value": "TUV"
        },
        {
          "value": "TV3"
        },
        {
          "value": "TV7"
        },
        {
          "value": "TV8"
        },
        {
          "value": "TVA"
        },
        {
          "value": "TVH"
        },
        {
          "value": "TVM"
        },
        {
          "value": "TVO"
        },
        {
          "value": "TVP"
        },
        {
          "value": "TVQ"
        },
        {
          "value": "TVU"
        },
        {
          "value": "TW"
        },
        {
          "value": "TWC"
        },
        {
          "value": "TWD"
        },
        {
          "value": "TWE"
        },
        {
          "value": "TWEs"
        },
        {
          "value": "TWF"
        },
        {
          "value": "TWU"
        },
        {
          "value": "TWV"
        },
        {
          "value": "TX"
        },
        {
          "value": "TXK"
        },
        {
          "value": "TXL"
        },
        {
          "value": "TXT"
        },
        {
          "value": "TY"
        },
        {
          "value": "TYC"
        },
        {
          "value": "TYO"
        },
        {
          "value": "TZ"
        },
        {
          "value": "TZA"
        },
        {
          "value": "TZC"
        },
        {
          "value": "TZN"
        },
        {
          "value": "Tais"
        },
        {
          "value": "Tal"
        },
        {
          "value": "Taos"
        },
        {
          "value": "Tay"
        },
        {
          "value": "Tb"
        },
        {
          "value": "Tc"
        },
        {
          "value": "Te"
        },
        {
          "value": "Tet"
        },
        {
          "value": "Tets"
        },
        {
          "value": "Tex"
        },
        {
          "value": "Thar"
        },
        {
          "value": "Thaís"
        },
        {
          "value": "Thess"
        },
        {
          "value": "Thies"
        },
        {
          "value": "Thun"
        },
        {
          "value": "Thur"
        },
        {
          "value": "Théo"
        },
        {
          "value": "Ti"
        },
        {
          "value": "Tiu"
        },
        {
          "value": "Tl"
        },
        {
          "value": "Tm"
        },
        {
          "value": "Tor"
        },
        {
          "value": "Tu"
        },
        {
          "value": "Ty"
        },
        {
          "value": "Tyr"
        },
        {
          "value": "UAS"
        },
        {
          "value": "UBS"
        },
        {
          "value": "UCS"
        },
        {
          "value": "UDS"
        },
        {
          "value": "UES"
        },
        {
          "value": "UFS"
        },
        {
          "value": "UGS"
        },
        {
          "value": "UHC"
        },
        {
          "value": "UHD"
        },
        {
          "value": "UHFs"
        },
        {
          "value": "UIs"
        },
        {
          "value": "UMS"
        },
        {
          "value": "UOS"
        },
        {
          "value": "URS"
        },
        {
          "value": "US"
        },
        {
          "value": "USHS"
        },
        {
          "value": "UUS"
        },
        {
          "value": "UVs"
        },
        {
          "value": "Urs"
        },
        {
          "value": "Utes"
        },
        {
          "value": "V6s"
        },
        {
          "value": "V8s"
        },
        {
          "value": "VBS"
        },
        {
          "value": "VCs"
        },
        {
          "value": "VES"
        },
        {
          "value": "VFS"
        },
        {
          "value": "VGS"
        },
        {
          "value": "VHC"
        },
        {
          "value": "VHD"
        },
        {
          "value": "VHF"
        },
        {
          "value": "VHL"
        },
        {
          "value": "VHP"
        },
        {
          "value": "VHR"
        },
        {
          "value": "VHU"
        },
        {
          "value": "VMs"
        },
        {
          "value": "VPS"
        },
        {
          "value": "VPs"
        },
        {
          "value": "VRS"
        },
        {
          "value": "VS"
        },
        {
          "value": "VSS"
        },
        {
          "value": "VVS"
        },
        {
          "value": "VWs"
        },
        {
          "value": "WBS"
        },
        {
          "value": "WCHS"
        },
        {
          "value": "WCS"
        },
        {
          "value": "WDS"
        },
        {
          "value": "WGS"
        },
        {
          "value": "WH"
        },
        {
          "value": "WHA"
        },
        {
          "value": "WHM"
        },
        {
          "value": "WHT"
        },
        {
          "value": "WHW"
        },
        {
          "value": "WMS"
        },
        {
          "value": "WNS"
        },
        {
          "value": "WPS"
        },
        {
          "value": "WSS"
        },
        {
          "value": "WTH"
        },
        {
          "value": "WVS"
        },
        {
          "value": "Wis"
        },
        {
          "value": "XHR"
        },
        {
          "value": "XMS"
        },
        {
          "value": "XPS"
        },
        {
          "value": "XS"
        },
        {
          "value": "XSS"
        },
        {
          "value": "YBS"
        },
        {
          "value": "YHA"
        },
        {
          "value": "YHD"
        },
        {
          "value": "ZFS"
        },
        {
          "value": "ZH"
        },
        {
          "value": "Zhu"
        },
        {
          "value": "Zs"
        },
        {
          "value": "Ahas"
        },
        {
          "value": "Ahh"
        },
        {
          "value": "Ais"
        },
        {
          "value": "Ans"
        },
        {
          "value": "Ass"
        },
        {
          "value": "Ates"
        },
        {
          "value": "Auths"
        },
        {
          "value": "Axs"
        },
        {
          "value": "Bis"
        },
        {
          "value": "Bys"
        },
        {
          "value": "Ch"
        },
        {
          "value": "Chas"
        },
        {
          "value": "Chg"
        },
        {
          "value": "Chis"
        },
        {
          "value": "Cis"
        },
        {
          "value": "Cms"
        },
        {
          "value": "Cps"
        },
        {
          "value": "Cts"
        },
        {
          "value": "Dms"
        },
        {
          "value": "Dohs"
        },
        {
          "value": "Dos"
        },
        {
          "value": "Ethos"
        },
        {
          "value": "Hahs"
        },
        {
          "value": "Hm"
        },
        {
          "value": "Hp"
        },
        {
          "value": "Hr"
        },
        {
          "value": "Hrs"
        },
        {
          "value": "iOS"
        },
        {
          "value": "Ids"
        },
        {
          "value": "Ins"
        },
        {
          "value": "J's"
        },
        {
          "value": "Js"
        },
        {
          "value": "Kas"
        },
        {
          "value": "Kiths"
        },
        {
          "value": "L's"
        },
        {
          "value": "Ls"
        },
        {
          "value": "Mas"
        },
        {
          "value": "Meths"
        },
        {
          "value": "Mis"
        },
        {
          "value": "Mus"
        },
        {
          "value": "N's"
        },
        {
          "value": "Nos"
        },
        {
          "value": "Ns"
        },
        {
          "value": "Ochs"
        },
        {
          "value": "Oho"
        },
        {
          "value": "Ohos"
        },
        {
          "value": "Ozs"
        },
        {
          "value": "Pcs"
        },
        {
          "value": "Pes"
        },
        {
          "value": "Pgs"
        },
        {
          "value": "Phis"
        },
        {
          "value": "Pho"
        },
        {
          "value": "Phos"
        },
        {
          "value": "Pis"
        },
        {
          "value": "Pls"
        },
        {
          "value": "Pms"
        },
        {
          "value": "Res"
        },
        {
          "value": "Rho"
        },
        {
          "value": "Rhos"
        },
        {
          "value": "Shh"
        },
        {
          "value": "Ss"
        },
        {
          "value": "Tads"
        },
        {
          "value": "Tase"
        },
        {
          "value": "Tass"
        },
        {
          "value": "Taws"
        },
        {
          "value": "Thio"
        },
        {
          "value": "Thud"
        },
        {
          "value": "Tic"
        },
        {
          "value": "Tins"
        },
        {
          "value": "Tit"
        },
        {
          "value": "Tits"
        },
        {
          "value": "Tods"
        },
        {
          "value": "Tog"
        },
        {
          "value": "Tost"
        },
        {
          "value": "Tox"
        },
        {
          "value": "Tun"
        },
        {
          "value": "Twp"
        },
        {
          "value": "Uhh"
        },
        {
          "value": "Uhm"
        },
        {
          "value": "Vis"
        },
        {
          "value": "Xis"
        },
        {
          "value": "Yahs"
        },
        {
          "value": "Yrs"
        },
        {
          "value": "Z's"
        },
        {
          "value": "TPU"
        },
        {
          "value": "XLS"
        },
        {
          "value": "tvOS"
        }
      ],
      "rule": {
        "category": {
          "id": "TYPOS",
          "name": "Possible Typo"
        },
        "description": "Possible spelling mistake",
        "id": "MORFOLOGIK_RULE_EN_US",
        "issueType": "misspelling",
        "subId": null,
        "urls": null
      },
      "sentence": "Ths is a incorret sentnce.",
      "shortMessage": "Spelling mistake"
    },
    {
      "context": {
        "length": 1,
        "offset": 7,
        "text": "Ths is a incorret sentnce."
      },
      "length": 1,
      "message": "Use “an” instead of ‘a’ if the following word starts with a vowel sound, e.g. ‘an article’, ‘an hour’.",
      "offset": 7,
      "replacements": [
        {
          "value": "an"
        }
      ],
      "rule": {
        "category": {
          "id": "MISC",
          "name": "Miscellaneous"
        },
        "description": "Use of 'a' vs. 'an'",
        "id": "EN_A_VS_AN",
        "issueType": "misspelling",
        "subId": null,
        "urls": [
          {
            "value": "https://languagetool.org/insights/post/indefinite-articles/"
          }
        ]
      },
      "sentence": "Ths is a incorret sentnce.",
      "shortMessage": "Wrong article"
    },
    {
      "context": {
        "length": 8,
        "offset": 9,
        "text": "Ths is a incorret sentnce."
      },
      "length": 8,
      "message": "Possible spelling mistake found.",
      "offset": 9,
      "replacements": [
        {
          "value": "incorrect"
        }
      ],
      "rule": {
        "category": {
          "id": "TYPOS",
          "name": "Possible Typo"
        },
        "description": "Possible spelling mistake",
        "id": "MORFOLOGIK_RULE_EN_US",
        "issueType": "misspelling",
        "subId": null,
        "urls": null
      },
      "sentence": "Ths is a incorret sentnce.",
      "shortMessage": "Spelling mistake"
    },
    {
      "context": {
        "length": 7,
        "offset": 18,
        "text": "Ths is a incorret sentnce."
      },
      "length": 7,
      "message": "Possible spelling mistake found.",
      "offset": 18,
      "replacements": [
        {
          "value": "sentence"
        }
      ],
      "rule": {
        "category": {
          "id": "TYPOS",
          "name": "Possible Typo"
        },
        "description": "Possible spelling mistake",
        "id": "MORFOLOGIK_RULE_EN_US",
        "issueType": "misspelling",
        "subId": null,
        "urls": null
      },
      "sentence": "Ths is a incorret sentnce.",
      "shortMessage": "Spelling mistake"
    }
  ],
  "software": {
    "apiVersion": 1,
    "buildDate": "2025-09-16 08:48:27 +0000",
    "name": "LanguageTool",
    "premium": true,
    "status": "",
    "version": "6.7.14"
  }
}
test spellchecker::tests::test_check_spelling_incorrect_text ... ok

test result: ok. 33 passed; 0 failed; 0 ignored; 0 measured; 0 filtered out; finished in 0.35s

